Compiling eaar001t
'PROCEDURE' P
-------------------------------------------------------------------------------
a   VALPARAM  TA
-------------------------------------------------------------------------------

'PROCEDURE' Q
-------------------------------------------------------------------------------
x   REFPARAM  ARRAY OF INTEGER
-------------------------------------------------------------------------------

'PROCEDURE' R
-------------------------------------------------------------------------------
a   REFPARAM  ARRAY OF CHAR
-------------------------------------------------------------------------------

'MODULE' eaar001t
-------------------------------------------------------------------------------
TA   TYPE      ARRAY 5 OF INTEGER
a    VAR       TA
P    PROCEDURE (a:TA)
Q    PROCEDURE (VAR x:ARRAY OF INTEGER)
R    PROCEDURE (VAR a:ARRAY OF CHAR)
-------------------------------------------------------------------------------

eaar001t.ob2: 30,4: L-value expected
