Compiling eapc001t
'PROCEDURE' P
-------------------------------------------------------------------------------
b   REFPARAM  SYSTEM$BYTE
-------------------------------------------------------------------------------

'MODULE' eapc001t
-------------------------------------------------------------------------------
SYS   SERVER    SYSTEM
c     VAR       CHAR
si    VAR       SHORTINT
b     VAR       SYSTEM$BYTE
P     PROCEDURE (VAR b:SYSTEM$BYTE)
-------------------------------------------------------------------------------

