Compiling eeao003t
'MODULE' eeao003t
-------------------------------------------------------------------------------
a   CONST     SHORTINT = 1
b   CONST     SHORTINT = 2
c   CONST     SHORTINT = -2
d   CONST     SHORTINT = 1
-------------------------------------------------------------------------------

