Compiling eeop002t
'PROCEDURE' DoNothing
-------------------------------------------------------------------------------
R   REFPARAM  T0
-------------------------------------------------------------------------------

'MODULE' eeop002t
-------------------------------------------------------------------------------
T0          TYPE      RECORD
                       A   VAR       SET
                      END
                      (-->T1)

T1          TYPE      RECORD(T0)
                       A   VAR       SET
                       B   VAR       INTEGER
                      END
DoNothing   PROCEDURE (VAR R:T0)
-------------------------------------------------------------------------------

