Compiling eeso002t
'MODULE' eeso002t
-------------------------------------------------------------------------------
a   VAR       SET
b   VAR       SET
c   VAR       SET
d   VAR       SET
e   VAR       SET
f   VAR       SET
g   VAR       SET
h   VAR       SET
j   VAR       SET
k   VAR       SET
i   VAR       INTEGER
-------------------------------------------------------------------------------

