Compiling epfp002t
'PROCEDURE' Q
-------------------------------------------------------------------------------
f   REFPARAM  INTEGER
-------------------------------------------------------------------------------

'PROCEDURE' P
-------------------------------------------------------------------------------
f   REFPARAM  T0
i   VAR       INTEGER
-------------------------------------------------------------------------------

'MODULE' epfp002t
-------------------------------------------------------------------------------
T0   TYPE      RECORD
               END
               (-->T1)

T1   TYPE      RECORD(T0)
               END
i    VAR       INTEGER
r0   VAR       T0
r1   VAR       T1
Q    PROCEDURE (VAR f:INTEGER)
P    PROCEDURE (VAR f:T0)
-------------------------------------------------------------------------------

