Compiling epro004t
'PROCEDURE' P
-------------------------------------------------------------------------------
a   REFPARAM  SET
-------------------------------------------------------------------------------

'PROCEDURE' Q
-------------------------------------------------------------------------------
x   VALPARAM  SET
-------------------------------------------------------------------------------

'PROCEDURE' R
-------------------------------------------------------------------------------
a   VALPARAM  ARRAY OF ARRAY OF CHAR
-------------------------------------------------------------------------------

'PROCEDURE' S
-------------------------------------------------------------------------------
i   REFPARAM  INTEGER
-------------------------------------------------------------------------------

'MODULE' epro004t
-------------------------------------------------------------------------------
P   PROCEDURE (VAR a:SET)
Q   PROCEDURE (x:SET) : INTEGER
R   PROCEDURE (a:ARRAY OF ARRAY OF CHAR)
S   PROCEDURE (VAR i:INTEGER)
-------------------------------------------------------------------------------

