Compiling eptb008t
'BOUND' BoundRecReceiver
-------------------------------------------------------------------------------
r   RECEIVER  T0
-------------------------------------------------------------------------------

'BOUND' BoundPtrReceiver
-------------------------------------------------------------------------------
p   RECEIVER  P0
-------------------------------------------------------------------------------

'MODULE' eptb008t
-------------------------------------------------------------------------------
T0   TYPE      RECORD
                BoundRecReceiver   BOUND     VAR r:T0()
                BoundPtrReceiver   BOUND     p:P0()
               END
P0   TYPE      POINTER TO T0
r    VAR       T0
p    VAR       P0
-------------------------------------------------------------------------------

