Compiling eptb002f
'BOUND' Bound1
-------------------------------------------------------------------------------
r   RECEIVER  T0
-------------------------------------------------------------------------------

'BOUND' Bound2
-------------------------------------------------------------------------------
r   RECEIVER  <ErrorType>
-------------------------------------------------------------------------------

'MODULE' eptb002f
-------------------------------------------------------------------------------
T0    TYPE      RECORD
                 Bound1   BOUND     r:T0()
                END
                (-->T1)

T1    TYPE      RECORD(T0)
                 Bound1   INHERITED r:T0()
                END
                (-->T2)

T2    TYPE      RECORD(T1)
                 Bound1   INHERITED r:T0()
                END
PT1   TYPE      POINTER TO T1
p     VAR       PT1
-------------------------------------------------------------------------------

eptb002f.ob2: 24,14: Invalid type
eptb002f.ob2: 29,19: Invalid type
