Compiling eptb004t
'BOUND' Bound
-------------------------------------------------------------------------------
r   RECEIVER  T0
-------------------------------------------------------------------------------

'BOUND' Bound
-------------------------------------------------------------------------------
r   RECEIVER  T2
-------------------------------------------------------------------------------

'BOUND' Another
-------------------------------------------------------------------------------
r   RECEIVER  T2
s   REFPARAM  SET
-------------------------------------------------------------------------------

'BOUND' Another
-------------------------------------------------------------------------------
r   RECEIVER  T0
s   REFPARAM  SET
-------------------------------------------------------------------------------

'MODULE' eptb004t
-------------------------------------------------------------------------------
T0   TYPE      RECORD
                Bound     BOUND     VAR r:T0()
                Another   BOUND     VAR r:T0(VAR s:SET)
               END
               (-->T1)

T1   TYPE      RECORD(T0)
                Bound     INHERITED VAR r:T0()
                Another   INHERITED VAR r:T0(VAR s:SET)
               END
               (-->T2)

T2   TYPE      RECORD(T1)
                Bound     BOUND     VAR r:T2()
                Another * BOUND     VAR r:T2(VAR s:SET)
               END
-------------------------------------------------------------------------------

