Compiling eptb007f
'BOUND' BoundPtrReceiver
-------------------------------------------------------------------------------
p   RECEIVER  P0
-------------------------------------------------------------------------------

'MODULE' eptb007f
-------------------------------------------------------------------------------
T0   TYPE      RECORD
                BoundPtrReceiver   BOUND     p:P0()
               END
P0   TYPE      POINTER TO T0
r    VAR       T0
p    VAR       P0
-------------------------------------------------------------------------------

eptb007f.ob2: 19,22: Receiver parameter must be a pointer
