Compiling eptb002t
'BOUND' Bound0
-------------------------------------------------------------------------------
r   RECEIVER  T0
-------------------------------------------------------------------------------

'BOUND' Bound1
-------------------------------------------------------------------------------
p   RECEIVER  PT0
-------------------------------------------------------------------------------

'BOUND' Bound2
-------------------------------------------------------------------------------
r   RECEIVER  T2
-------------------------------------------------------------------------------

'BOUND' Bound3
-------------------------------------------------------------------------------
p   RECEIVER  PT1
-------------------------------------------------------------------------------

'MODULE' eptb002t
-------------------------------------------------------------------------------
T0    TYPE      RECORD
                 Bound0   BOUND     VAR r:T0()
                 Bound1   BOUND     p:PT0()
                END
                (-->T1)

T1    TYPE      RECORD(T0)
                 Bound0   INHERITED VAR r:T0()
                 Bound1   INHERITED p:PT0()
                 Bound3   BOUND     p:PT1()
                END
                (-->T2)

T2    TYPE      RECORD(T1)
                 Bound0   INHERITED VAR r:T0()
                 Bound1   INHERITED p:PT0()
                 Bound2   BOUND     VAR r:T2()
                 Bound3   INHERITED p:PT1()
                END
PT0   TYPE      POINTER TO T0
PT1   TYPE      POINTER TO T1
-------------------------------------------------------------------------------

