Compiling eptb004f
'BOUND' Bound
-------------------------------------------------------------------------------
r   RECEIVER  T0
-------------------------------------------------------------------------------

'BOUND' Bound
-------------------------------------------------------------------------------
r   RECEIVER  T1
-------------------------------------------------------------------------------

'MODULE' eptb004f
-------------------------------------------------------------------------------
T0   TYPE      RECORD
                Bound * BOUND     VAR r:T0()
               END
               (-->T1)

T1 * TYPE      RECORD(T0)
                Bound   BOUND     VAR r:T1()
               END
-------------------------------------------------------------------------------

eptb004f.ob2: 22,22: Redefinition must be exported
