Compiling espr002f
'PROCEDURE' P
-------------------------------------------------------------------------------
p   REFPARAM  INTEGER
-------------------------------------------------------------------------------

'MODULE' espr002f
-------------------------------------------------------------------------------
P   PROCEDURE (VAR p:INTEGER)
-------------------------------------------------------------------------------

espr002f.ob2: 14,4: Actual parameter not compatible with formal
espr002f.ob2: 14,4: L-value expected
