Compiling esrt004f
'PROCEDURE' Proc
-------------------------------------------------------------------------------
-------------------------------------------------------------------------------

'MODULE' esrt004f
-------------------------------------------------------------------------------
Proc   PROCEDURE ()
-------------------------------------------------------------------------------

esrt004f.ob2: 12,14: EXIT without LOOP
esrt004f.ob2: 20,4: EXIT without LOOP
esrt004f.ob2: 24,3: EXIT without LOOP
