Compiling esrt001f
'PROCEDURE' Proc
-------------------------------------------------------------------------------
i   VAR       INTEGER
-------------------------------------------------------------------------------

'PROCEDURE' Func1
-------------------------------------------------------------------------------
-------------------------------------------------------------------------------

'MODULE' esrt001f
-------------------------------------------------------------------------------
Proc    PROCEDURE ()
Func1   PROCEDURE () : INTEGER
-------------------------------------------------------------------------------

esrt001f.ob2: 12,9: Misplaced RETURN expression
esrt001f.ob2: 19,2: Missing RETURN expression
