Compiling evar001f
'PROCEDURE' DoNothing
-------------------------------------------------------------------------------
R   REFPARAM  T0
-------------------------------------------------------------------------------

'MODULE' evar001f
-------------------------------------------------------------------------------
T0          TYPE      RECORD
                       A   VAR       SET
                      END
                      (-->T1)

T1          TYPE      RECORD(T0)
                       A   VAR       SET
                       B   VAR       INTEGER
                      END
DoNothing   PROCEDURE (VAR R:T0)
-------------------------------------------------------------------------------

evar001f.ob2: 21,4: Record field not found
