MODULE pars036t;

BEGIN (* pars036t *)
   WHILE hurga DO
      laber;
   END; (* WHILE *)
   WHILE (-4)>(+4) DO
      ein;
      paar;
      statements;
   END; (* WHILE *)
   WHILE (1+1)#2 DO
      WHILE x<y DO
         WHILE z=z DO
            nothing;
         END; (* WHILE *)
      END; (* WHILE *)
   END; (* WHILE *)
END pars036t.

