MODULE pars041t;

BEGIN (* pars041t *)
   RETURN ident;
   RETURN ident\.ident;
   RETURN id1\.id2\.id3\.id4\.id5\.id6\.id7\.id8;
   RETURN laber\[2\]\^\.lull\.bla\(hurga\);
   RETURN bla\^\^\^\^\^\[9,8,7,6\]\[1\]\[2\]\[3\]\[4\]\[5\];
   RETURN a\(b\)\(c\)\(d\)\(e\)\(f\);
   RETURN a\.b\.c\.d\.e\.f\(g\)\(h\)\(i\)\(j\)\.bla\^\^\^\[1\]\[2\]\[3\]\[4\]\.field;
END pars041t.

