Compiling eaet001t
'PROCEDURE' P
-------------------------------------------------------------------------------
x   REFPARAM  INTEGER
-------------------------------------------------------------------------------

'PROCEDURE' Q
-------------------------------------------------------------------------------
a   REFPARAM  ARRAY OF CHAR
-------------------------------------------------------------------------------

'PROCEDURE' R
-------------------------------------------------------------------------------
q   VALPARAM  (VAR x:INTEGER)
-------------------------------------------------------------------------------

'MODULE' eaet001t
-------------------------------------------------------------------------------
T   TYPE      INTEGER
P   PROCEDURE (VAR x:INTEGER)
Q   PROCEDURE (VAR a:ARRAY OF CHAR)
R   PROCEDURE (p:(VAR z:INTEGER))
-------------------------------------------------------------------------------

