Compiling eamf001t
'PROCEDURE' P
-------------------------------------------------------------------------------
x   REFPARAM  INTEGER
y   VALPARAM  SET
-------------------------------------------------------------------------------

'MODULE' eamf001t
-------------------------------------------------------------------------------
TPROC   TYPE      (VAR A:INTEGER; B:SET) : INTEGER
proc    VAR       TPROC
P       PROCEDURE (VAR x:INTEGER; y:SET) : INTEGER
-------------------------------------------------------------------------------

