Compiling east001t
'PROCEDURE' P
-------------------------------------------------------------------------------
r   REFPARAM  T
-------------------------------------------------------------------------------

'PROCEDURE' Q
-------------------------------------------------------------------------------
r   REFPARAM  T
-------------------------------------------------------------------------------

'PROCEDURE' Proc
-------------------------------------------------------------------------------
a   REFPARAM  T3
b   REFPARAM  T3
-------------------------------------------------------------------------------

'MODULE' east001t
-------------------------------------------------------------------------------
T      TYPE      RECORD
                 END
T2     TYPE      T
T3     TYPE      RECORD
                  g   VAR       T
                  h   VAR       T
                 END
j      VAR       T3
k      VAR       T3
r      VAR       T3
P      PROCEDURE (VAR r:T)
Q      PROCEDURE (VAR r:T)
Proc   PROCEDURE (VAR a:T3; VAR b:T3)
-------------------------------------------------------------------------------

