Compiling eate001t
'PROCEDURE' P
-------------------------------------------------------------------------------
r   REFPARAM  TA
-------------------------------------------------------------------------------

'MODULE' eate001t
-------------------------------------------------------------------------------
TA   TYPE      RECORD
                s   VAR       SET
               END
               (-->TB)

TB   TYPE      RECORD(TA)
                s   VAR       SET
                i   VAR       INTEGER
               END
P    PROCEDURE (VAR r:TA)
-------------------------------------------------------------------------------

