Compiling edec002f
'PROCEDURE' proc
-------------------------------------------------------------------------------
x   VALPARAM  INTEGER
a   VALPARAM  CHAR
y   VALPARAM  <ErrorType>
-------------------------------------------------------------------------------

'MODULE' edec002f
-------------------------------------------------------------------------------
a      TYPE      INTEGER
proc   PROCEDURE (x:INTEGER; a:CHAR; y:<ErrorType>)
-------------------------------------------------------------------------------

edec002f.ob2: 7,31: Type expected
