Compiling edec004f
'PROCEDURE' proc
-------------------------------------------------------------------------------
c   VAR       CHAR
-------------------------------------------------------------------------------

'MODULE' edec004f
-------------------------------------------------------------------------------
I      VAR       INTEGER
proc   PROCEDURE ()
-------------------------------------------------------------------------------

edec004f.ob2: 14,11: Identifier not declared
