Compiling edec010f
'PROCEDURE' ab
-------------------------------------------------------------------------------
-------------------------------------------------------------------------------

'MODULE' edec010f
-------------------------------------------------------------------------------
x    VAR       INTEGER
y    VAR       INTEGER
ab   PROCEDURE () <uncomplete>
ab   PROCEDURE ()
-------------------------------------------------------------------------------

edec010f.ob2: 7,14: Unresolved forward procedure
edec010f.ob2: 11,14: Identifier already declared
