Compiling edec003t
'PROCEDURE' proc
-------------------------------------------------------------------------------
b   VAR       CHAR
c   VAR       CHAR
-------------------------------------------------------------------------------

'MODULE' edec003t
-------------------------------------------------------------------------------
b      VAR       REAL
c      VAR       BOOLEAN
proc   PROCEDURE ()
-------------------------------------------------------------------------------

