Compiling eeao002t
'MODULE' eeao002t
-------------------------------------------------------------------------------
a   CONST     SHORTINT = -3
b   CONST     REAL = 3.50000E0
c   CONST     LONGREAL = -2.0000000000000D-2
-------------------------------------------------------------------------------

