Compiling eere001t
'PROCEDURE' P
-------------------------------------------------------------------------------
r   REFPARAM  T0
-------------------------------------------------------------------------------

'MODULE' eere001t
-------------------------------------------------------------------------------
T0    TYPE      RECORD
                 s   VAR       SET
                END
                (-->T1)

T1    TYPE      RECORD(T0)
                 s   VAR       SET
                 i   VAR       INTEGER
                END
PT0   TYPE      POINTER TO T0
PT1   TYPE      POINTER TO T1
p     VAR       PT0
P     PROCEDURE (VAR r:T0)
-------------------------------------------------------------------------------

