Compiling epfp001t
'PROCEDURE' P
-------------------------------------------------------------------------------
-------------------------------------------------------------------------------

'MODULE' epfp001t
-------------------------------------------------------------------------------
i   VAR       INTEGER
P   PROCEDURE () : INTEGER
-------------------------------------------------------------------------------

