Compiling epfp003t
'PROCEDURE' Q
-------------------------------------------------------------------------------
f   VALPARAM  REAL
-------------------------------------------------------------------------------

'PROCEDURE' P
-------------------------------------------------------------------------------
f   VALPARAM  T0
-------------------------------------------------------------------------------

'PROCEDURE' R
-------------------------------------------------------------------------------
f   VALPARAM  POINTER TO T1
-------------------------------------------------------------------------------

'MODULE' epfp003t
-------------------------------------------------------------------------------
T0   TYPE      RECORD
               END
               (-->T1)

T1   TYPE      RECORD(T0)
               END
i    VAR       INTEGER
r0   VAR       T0
r1   VAR       T1
Q    PROCEDURE (f:REAL)
P    PROCEDURE (f:T0)
R    PROCEDURE (f:POINTER TO T1)
-------------------------------------------------------------------------------

