Compiling epfp004t
'PROCEDURE' P
-------------------------------------------------------------------------------
f   VALPARAM  ARRAY OF CHAR
-------------------------------------------------------------------------------

'MODULE' epfp004t
-------------------------------------------------------------------------------
a   VAR       ARRAY 4 OF CHAR
P   PROCEDURE (f:ARRAY OF CHAR)
-------------------------------------------------------------------------------

