Compiling epro001f
'PROCEDURE' I
-------------------------------------------------------------------------------
-------------------------------------------------------------------------------

'PROCEDURE' P
-------------------------------------------------------------------------------
c   CONST     SHORTINT = 10
a   VAR       INTEGER
T   TYPE      RECORD
               s   VAR       SET
              END
I   PROCEDURE ()
-------------------------------------------------------------------------------

'PROCEDURE' Q
-------------------------------------------------------------------------------
r   VAR       <ErrorType>
-------------------------------------------------------------------------------

'MODULE' epro001f
-------------------------------------------------------------------------------
P   PROCEDURE ()
Q   PROCEDURE ()
-------------------------------------------------------------------------------

epro001f.ob2: 22,6: Identifier not declared
epro001f.ob2: 28,3: Identifier not declared
epro001f.ob2: 28,6: Identifier not declared
epro001f.ob2: 31,3: Identifier not declared
