Compiling epro002t
'PROCEDURE' R
-------------------------------------------------------------------------------
-------------------------------------------------------------------------------

'PROCEDURE' Q
-------------------------------------------------------------------------------
R   PROCEDURE ()
-------------------------------------------------------------------------------

'PROCEDURE' P
-------------------------------------------------------------------------------
Q   PROCEDURE ()
-------------------------------------------------------------------------------

'MODULE' epro002t
-------------------------------------------------------------------------------
P   PROCEDURE ()
-------------------------------------------------------------------------------

