Compiling eptb006t
'BOUND' Bound
-------------------------------------------------------------------------------
r   RECEIVER  T0
-------------------------------------------------------------------------------

'BOUND' Bound
-------------------------------------------------------------------------------
r   RECEIVER  T2
-------------------------------------------------------------------------------

'BOUND' Another
-------------------------------------------------------------------------------
r   RECEIVER  T2
-------------------------------------------------------------------------------

'BOUND' P0
-------------------------------------------------------------------------------
r   RECEIVER  T0
-------------------------------------------------------------------------------

'BOUND' P2
-------------------------------------------------------------------------------
r   RECEIVER  T2
-------------------------------------------------------------------------------

'MODULE' eptb006t
-------------------------------------------------------------------------------
T0   TYPE      RECORD
                Bound   BOUND     VAR r:T0()
                P0      BOUND     VAR r:T0()
               END
               (-->T1)

T1   TYPE      RECORD(T0)
                Bound   INHERITED VAR r:T0()
                P0      INHERITED VAR r:T0()
               END
               (-->T2)

T2   TYPE      RECORD(T1)
                Bound     BOUND     VAR r:T2()
                Another   BOUND     VAR r:T2()
                P0        INHERITED VAR r:T0()
                P2        BOUND     VAR r:T2()
               END
-------------------------------------------------------------------------------

