Compiling eptb007t
'BOUND' Bound
-------------------------------------------------------------------------------
q   RECEIVER  PT0
-------------------------------------------------------------------------------

'BOUND' P
-------------------------------------------------------------------------------
r   RECEIVER  T2
s   VALPARAM  SET
i   REFPARAM  INTEGER
-------------------------------------------------------------------------------

'MODULE' eptb007t
-------------------------------------------------------------------------------
T0    TYPE      RECORD
                 Bound   BOUND     p:PT0() : PT0
                END
                (-->T1)

T1    TYPE      RECORD(T0)
                 Bound   INHERITED p:PT0() : PT0
                END
                (-->T2)

T2    TYPE      RECORD(T1)
                 Bound   INHERITED p:PT0() : PT0
                 P     * BOUND     VAR r:T2(s:SET; VAR i:INTEGER)
                END
PT0   TYPE      POINTER TO T0
PTX   TYPE      PT0
-------------------------------------------------------------------------------

