Compiling espr001t
'PROCEDURE' P
-------------------------------------------------------------------------------
i   VALPARAM  INTEGER
s   VALPARAM  SET
c   VALPARAM  CHAR
r   VALPARAM  REAL
-------------------------------------------------------------------------------

'MODULE' espr001t
-------------------------------------------------------------------------------
P   PROCEDURE (i:INTEGER; s:SET; c:CHAR; r:REAL)
-------------------------------------------------------------------------------

