Compiling espr002t
'PROCEDURE' P
-------------------------------------------------------------------------------
p   REFPARAM  INTEGER
-------------------------------------------------------------------------------

'PROCEDURE' Q
-------------------------------------------------------------------------------
p   VALPARAM  INTEGER
-------------------------------------------------------------------------------

'MODULE' espr002t
-------------------------------------------------------------------------------
i   VAR       INTEGER
P   PROCEDURE (VAR p:INTEGER)
Q   PROCEDURE (p:INTEGER)
-------------------------------------------------------------------------------

