Compiling esrt002t
'PROCEDURE' Func
-------------------------------------------------------------------------------
si   VAR       SHORTINT
-------------------------------------------------------------------------------

'MODULE' esrt002t
-------------------------------------------------------------------------------
Func   PROCEDURE () : INTEGER
-------------------------------------------------------------------------------

