Compiling esrt001t
'PROCEDURE' Proc
-------------------------------------------------------------------------------
-------------------------------------------------------------------------------

'PROCEDURE' Func
-------------------------------------------------------------------------------
-------------------------------------------------------------------------------

'MODULE' esrt001t
-------------------------------------------------------------------------------
Proc   PROCEDURE ()
Func   PROCEDURE () : INTEGER
-------------------------------------------------------------------------------

