Compiling esrt002f
'PROCEDURE' Func1
-------------------------------------------------------------------------------
p   VAR       PT1
-------------------------------------------------------------------------------

'PROCEDURE' Func2
-------------------------------------------------------------------------------
p   VAR       PT0
-------------------------------------------------------------------------------

'MODULE' esrt002f
-------------------------------------------------------------------------------
T0      TYPE      RECORD
                  END
                  (-->T1)

T1      TYPE      RECORD(T0)
                  END
PT0     TYPE      POINTER TO T0
PT1     TYPE      POINTER TO T1
Func1   PROCEDURE () : PT0
Func2   PROCEDURE () : PT1
-------------------------------------------------------------------------------

esrt002f.ob2: 28,9: RETURN expression not compatible with formal result type
