Compiling esrt003f
'PROCEDURE' Func1
-------------------------------------------------------------------------------
-------------------------------------------------------------------------------

'PROCEDURE' Func2
-------------------------------------------------------------------------------
-------------------------------------------------------------------------------

'MODULE' esrt003f
-------------------------------------------------------------------------------
Func1   PROCEDURE () : INTEGER
Func2   PROCEDURE () : SHORTINT
-------------------------------------------------------------------------------

esrt003f.ob2: 15,1: No RETURN in function procedure
