Compiling etpo003f
'MODULE' etpo003f
-------------------------------------------------------------------------------
t1Ptr   TYPE      POINTER TO ARRAY 2 OF CHAR
t2Ptr   TYPE      POINTER TO ARRAY OF ARRAY OF ARRAY OF INTEGER
p1      VAR       t1Ptr
p2      VAR       t2Ptr
-------------------------------------------------------------------------------

etpo003f.ob2: 16,9: Too many actual parameters
etpo003f.ob2: 20,12: Too few actual parameters
etpo003f.ob2: 24,15: Too many actual parameters
