Compiling etyp002t
'PROCEDURE' P2
-------------------------------------------------------------------------------
T   TYPE      RECORD
               f   VAR       POINTER TO T
               g   VAR       (VAR p:T)
              END
-------------------------------------------------------------------------------

'PROCEDURE' P3
-------------------------------------------------------------------------------
T   TYPE      RECORD
               f   VAR       ARRAY 1 OF RECORD
                                         f   VAR       POINTER TO RECORD
                                                                   f   VAR       ARRAY 1 OF RECORD
                                                                                             f   VAR       POINTER TO T
                                                                                            END
                                                                  END
                                        END
               g   VAR       SET
              END
-------------------------------------------------------------------------------

'MODULE' etyp002t
-------------------------------------------------------------------------------
R1   TYPE      RECORD
                f   VAR       POINTER TO R1
               END
P1   TYPE      (VAR p:P1)
P2   PROCEDURE ()
P3   PROCEDURE ()
-------------------------------------------------------------------------------

