MODULE pars038t;

BEGIN (* pars038t *)
   FOR laber:=3 TO 5 BY 1 DO
   END; (* FOR *)
   FOR ident:=1 TO 2 BY -3 DO
      stmts;
   END; (* FOR *)
   FOR a:=1 TO 2 BY 1 DO
      FOR x:=-100 TO 100 BY 2 DO
         FOR y:=-1 TO -1 BY 1 DO
            FOR lull:=bla TO blubber BY -hurga DO
            END; (* FOR *)
         END; (* FOR *)
      END; (* FOR *)
   END; (* FOR *)
END pars038t.

