Compiling ExtLevel (ExtLevel.ob2) 
ExtLevel.ob2: 0011,019: Limit: Type exceeds max. extension level
ExtLevel.ob2: 0012,019: Limit: Type exceeds max. extension level
ExtLevel.ob2: 0013,019: Limit: Type exceeds max. extension level
ExtLevel.ob2: 0014,019: Limit: Type exceeds max. extension level
ExtLevel.ob2: 0015,019: Limit: Type exceeds max. extension level
ExtLevel.ob2: 0016,019: Limit: Type exceeds max. extension level
